::1 - - [30/Oct/2022:13:59:25 +0300] "GET /phpmyadmin/themes/pmahomme/img/b_sqlhelp.png HTTP/1.1" 200 512 "http://localhost/phpmyadmin/themes/pmahomme/css/theme.css?v=5.2.0" "Mozilla/5.0 (Windows NT 10.0; Win64; x64) AppleWebKit/537.36 (KHTML, like Gecko) Chrome/106.0.0.0 Safari/537.36"
::1 - - [30/Oct/2022:13:59:25 +0300] "GET /phpmyadmin/themes/pmahomme/img/b_plus.png HTTP/1.1" 200 143 "http://localhost/phpmyadmin/themes/pmahomme/css/theme.css?v=5.2.0" "Mozilla/5.0 (Windows NT 10.0; Win64; x64) AppleWebKit/537.36 (KHTML, like Gecko) Chrome/106.0.0.0 Safari/537.36"
::1 - - [30/Oct/2022:13:59:25 +0300] "GET /phpmyadmin/themes/pmahomme/img/s_link.png HTTP/1.1" 200 280 "http://localhost/phpmyadmin/themes/pmahomme/css/theme.css?v=5.2.0" "Mozilla/5.0 (Windows NT 10.0; Win64; x64) AppleWebKit/537.36 (KHTML, like Gecko) Chrome/106.0.0.0 Safari/537.36"
::1 - - [30/Oct/2022:13:59:25 +0300] "GET /phpmyadmin/themes/pmahomme/img/s_db.png HTTP/1.1" 200 328 "http://localhost/phpmyadmin/themes/pmahomme/css/theme.css?v=5.2.0" "Mozilla/5.0 (Windows NT 10.0; Win64; x64) AppleWebKit/537.36 (KHTML, like Gecko) Chrome/106.0.0.0 Safari/537.36"
::1 - - [30/Oct/2022:13:59:25 +0300] "GET /phpmyadmin/themes/pmahomme/img/b_sql.png HTTP/1.1" 200 680 "http://localhost/phpmyadmin/themes/pmahomme/css/theme.css?v=5.2.0" "Mozilla/5.0 (Windows NT 10.0; Win64; x64) AppleWebKit/537.36 (KHTML, like Gecko) Chrome/106.0.0.0 Safari/537.36"
::1 - - [30/Oct/2022:13:59:25 +0300] "GET /phpmyadmin/themes/pmahomme/img/s_status.png HTTP/1.1" 200 600 "http://localhost/phpmyadmin/themes/pmahomme/css/theme.css?v=5.2.0" "Mozilla/5.0 (Windows NT 10.0; Win64; x64) AppleWebKit/537.36 (KHTML, like Gecko) Chrome/106.0.0.0 Safari/537.36"
::1 - - [30/Oct/2022:13:59:25 +0300] "GET /phpmyadmin/themes/pmahomme/img/s_rights.png HTTP/1.1" 200 461 "http://localhost/phpmyadmin/themes/pmahomme/css/theme.css?v=5.2.0" "Mozilla/5.0 (Windows NT 10.0; Win64; x64) AppleWebKit/537.36 (KHTML, like Gecko) Chrome/106.0.0.0 Safari/537.36"
::1 - - [30/Oct/2022:13:59:25 +0300] "GET /phpmyadmin/themes/pmahomme/img/b_export.png HTTP/1.1" 200 514 "http://localhost/phpmyadmin/themes/pmahomme/css/theme.css?v=5.2.0" "Mozilla/5.0 (Windows NT 10.0; Win64; x64) AppleWebKit/537.36 (KHTML, like Gecko) Chrome/106.0.0.0 Safari/537.36"
::1 - - [30/Oct/2022:13:59:25 +0300] "GET /phpmyadmin/themes/pmahomme/img/b_import.png HTTP/1.1" 200 556 "http://localhost/phpmyadmin/themes/pmahomme/css/theme.css?v=5.2.0" "Mozilla/5.0 (Windows NT 10.0; Win64; x64) AppleWebKit/537.36 (KHTML, like Gecko) Chrome/106.0.0.0 Safari/537.36"
::1 - - [30/Oct/2022:13:59:25 +0300] "GET /phpmyadmin/themes/pmahomme/img/s_host.png HTTP/1.1" 200 591 "http://localhost/phpmyadmin/themes/pmahomme/css/theme.css?v=5.2.0" "Mozilla/5.0 (Windows NT 10.0; Win64; x64) AppleWebKit/537.36 (KHTML, like Gecko) Chrome/106.0.0.0 Safari/537.36"
::1 - - [30/Oct/2022:13:59:25 +0300] "GET /phpmyadmin/themes/pmahomme/img/s_asci.png HTTP/1.1" 200 148 "http://localhost/phpmyadmin/themes/pmahomme/css/theme.css?v=5.2.0" "Mozilla/5.0 (Windows NT 10.0; Win64; x64) AppleWebKit/537.36 (KHTML, like Gecko) Chrome/106.0.0.0 Safari/537.36"
::1 - - [30/Oct/2022:13:59:25 +0300] "GET /phpmyadmin/themes/pmahomme/img/s_vars.png HTTP/1.1" 200 523 "http://localhost/phpmyadmin/themes/pmahomme/css/theme.css?v=5.2.0" "Mozilla/5.0 (Windows NT 10.0; Win64; x64) AppleWebKit/537.36 (KHTML, like Gecko) Chrome/106.0.0.0 Safari/537.36"
::1 - - [30/Oct/2022:13:59:25 +0300] "GET /phpmyadmin/themes/pmahomme/img/b_tblops.png HTTP/1.1" 200 537 "http://localhost/phpmyadmin/themes/pmahomme/css/theme.css?v=5.2.0" "Mozilla/5.0 (Windows NT 10.0; Win64; x64) AppleWebKit/537.36 (KHTML, like Gecko) Chrome/106.0.0.0 Safari/537.36"
::1 - - [30/Oct/2022:13:59:25 +0300] "GET /phpmyadmin/themes/pmahomme/img/s_replication.png HTTP/1.1" 200 399 "http://localhost/phpmyadmin/themes/pmahomme/css/theme.css?v=5.2.0" "Mozilla/5.0 (Windows NT 10.0; Win64; x64) AppleWebKit/537.36 (KHTML, like Gecko) Chrome/106.0.0.0 Safari/537.36"
::1 - - [30/Oct/2022:13:59:25 +0300] "GET /phpmyadmin/themes/pmahomme/img/b_engine.png HTTP/1.1" 200 398 "http://localhost/phpmyadmin/themes/pmahomme/css/theme.css?v=5.2.0" "Mozilla/5.0 (Windows NT 10.0; Win64; x64) AppleWebKit/537.36 (KHTML, like Gecko) Chrome/106.0.0.0 Safari/537.36"
::1 - - [30/Oct/2022:13:59:25 +0300] "GET /phpmyadmin/themes/pmahomme/img/b_plugin.png HTTP/1.1" 200 512 "http://localhost/phpmyadmin/themes/pmahomme/css/theme.css?v=5.2.0" "Mozilla/5.0 (Windows NT 10.0; Win64; x64) AppleWebKit/537.36 (KHTML, like Gecko) Chrome/106.0.0.0 Safari/537.36"
::1 - - [30/Oct/2022:13:59:25 +0300] "GET /phpmyadmin/themes/pmahomme/img/s_top.png HTTP/1.1" 200 220 "http://localhost/phpmyadmin/themes/pmahomme/css/theme.css?v=5.2.0" "Mozilla/5.0 (Windows NT 10.0; Win64; x64) AppleWebKit/537.36 (KHTML, like Gecko) Chrome/106.0.0.0 Safari/537.36"
::1 - - [30/Oct/2022:13:59:25 +0300] "GET /phpmyadmin/themes/pmahomme/img/console.png HTTP/1.1" 200 292 "http://localhost/phpmyadmin/themes/pmahomme/css/theme.css?v=5.2.0" "Mozilla/5.0 (Windows NT 10.0; Win64; x64) AppleWebKit/537.36 (KHTML, like Gecko) Chrome/106.0.0.0 Safari/537.36"
::1 - - [30/Oct/2022:13:59:25 +0300] "GET /phpmyadmin/themes/pmahomme/img/b_help.png HTTP/1.1" 200 705 "http://localhost/phpmyadmin/themes/pmahomme/css/theme.css?v=5.2.0" "Mozilla/5.0 (Windows NT 10.0; Win64; x64) AppleWebKit/537.36 (KHTML, like Gecko) Chrome/106.0.0.0 Safari/537.36"
::1 - - [30/Oct/2022:13:59:25 +0300] "GET /phpmyadmin/themes/pmahomme/img/s_lang.png HTTP/1.1" 200 659 "http://localhost/phpmyadmin/themes/pmahomme/css/theme.css?v=5.2.0" "Mozilla/5.0 (Windows NT 10.0; Win64; x64) AppleWebKit/537.36 (KHTML, like Gecko) Chrome/106.0.0.0 Safari/537.36"
::1 - - [30/Oct/2022:13:59:25 +0300] "GET /phpmyadmin/themes/pmahomme/img/s_theme.png HTTP/1.1" 200 772 "http://localhost/phpmyadmin/themes/pmahomme/css/theme.css?v=5.2.0" "Mozilla/5.0 (Windows NT 10.0; Win64; x64) AppleWebKit/537.36 (KHTML, like Gecko) Chrome/106.0.0.0 Safari/537.36"
::1 - - [30/Oct/2022:13:59:25 +0300] "GET /phpmyadmin/themes/pmahomme/img/window-new.png HTTP/1.1" 200 468 "http://localhost/phpmyadmin/themes/pmahomme/css/theme.css?v=5.2.0" "Mozilla/5.0 (Windows NT 10.0; Win64; x64) AppleWebKit/537.36 (KHTML, like Gecko) Chrome/106.0.0.0 Safari/537.36"
::1 - - [30/Oct/2022:13:59:25 +0300] "POST /phpmyadmin/index.php?route=/navigation&ajax_request=1 HTTP/1.1" 200 2283 "-" "Mozilla/5.0 (Windows NT 10.0; Win64; x64) AppleWebKit/537.36 (KHTML, like Gecko) Chrome/106.0.0.0 Safari/537.36"
::1 - - [30/Oct/2022:13:59:26 +0300] "GET /phpmyadmin/favicon.ico HTTP/1.1" 200 22486 "-" "Mozilla/5.0 (Windows NT 10.0; Win64; x64) AppleWebKit/537.36 (KHTML, like Gecko) Chrome/106.0.0.0 Safari/537.36"
::1 - - [30/Oct/2022:13:59:25 +0300] "POST /phpmyadmin/index.php?route=/config/get HTTP/1.1" 200 1472 "-" "Mozilla/5.0 (Windows NT 10.0; Win64; x64) AppleWebKit/537.36 (KHTML, like Gecko) Chrome/106.0.0.0 Safari/537.36"
::1 - - [30/Oct/2022:13:59:25 +0300] "POST /phpmyadmin/index.php?route=/version-check HTTP/1.1" 200 48 "-" "Mozilla/5.0 (Windows NT 10.0; Win64; x64) AppleWebKit/537.36 (KHTML, like Gecko) Chrome/106.0.0.0 Safari/537.36"
::1 - - [30/Oct/2022:13:59:25 +0300] "POST /phpmyadmin/index.php?route=/database/structure/favorite-table&ajax_request=1&favorite_table=1&sync_favorite_tables=1 HTTP/1.1" 200 155 "-" "Mozilla/5.0 (Windows NT 10.0; Win64; x64) AppleWebKit/537.36 (KHTML, like Gecko) Chrome/106.0.0.0 Safari/537.36"
::1 - - [30/Oct/2022:13:59:25 +0300] "POST /phpmyadmin/index.php?route=/config/get HTTP/1.1" 200 1564 "-" "Mozilla/5.0 (Windows NT 10.0; Win64; x64) AppleWebKit/537.36 (KHTML, like Gecko) Chrome/106.0.0.0 Safari/537.36"
::1 - - [30/Oct/2022:13:59:27 +0300] "POST /phpmyadmin/index.php?route=/config/set HTTP/1.1" 200 1464 "-" "Mozilla/5.0 (Windows NT 10.0; Win64; x64) AppleWebKit/537.36 (KHTML, like Gecko) Chrome/106.0.0.0 Safari/537.36"
::1 - - [30/Oct/2022:13:59:27 +0300] "GET /phpmyadmin/themes/pmahomme/img/ajax_clock_small.gif HTTP/1.1" 200 1810 "http://localhost/phpmyadmin/themes/pmahomme/css/theme.css?v=5.2.0" "Mozilla/5.0 (Windows NT 10.0; Win64; x64) AppleWebKit/537.36 (KHTML, like Gecko) Chrome/106.0.0.0 Safari/537.36"
::1 - - [30/Oct/2022:13:59:27 +0300] "GET /phpmyadmin/index.php?route=/database/structure&db=jerry&ajax_request=true&ajax_page_request=true&_nocache=1667127567449525586&token=752f694e4e67544b4f625b323c354f65 HTTP/1.1" 200 3203 "-" "Mozilla/5.0 (Windows NT 10.0; Win64; x64) AppleWebKit/537.36 (KHTML, like Gecko) Chrome/106.0.0.0 Safari/537.36"
::1 - - [30/Oct/2022:13:59:27 +0300] "GET /phpmyadmin/themes/pmahomme/img/b_props.png HTTP/1.1" 200 573 "http://localhost/phpmyadmin/themes/pmahomme/css/theme.css?v=5.2.0" "Mozilla/5.0 (Windows NT 10.0; Win64; x64) AppleWebKit/537.36 (KHTML, like Gecko) Chrome/106.0.0.0 Safari/537.36"
::1 - - [30/Oct/2022:13:59:27 +0300] "GET /phpmyadmin/themes/pmahomme/img/b_events.png HTTP/1.1" 200 703 "http://localhost/phpmyadmin/themes/pmahomme/css/theme.css?v=5.2.0" "Mozilla/5.0 (Windows NT 10.0; Win64; x64) AppleWebKit/537.36 (KHTML, like Gecko) Chrome/106.0.0.0 Safari/537.36"
::1 - - [30/Oct/2022:13:59:27 +0300] "GET /phpmyadmin/themes/pmahomme/img/b_search.png HTTP/1.1" 200 538 "http://localhost/phpmyadmin/themes/pmahomme/css/theme.css?v=5.2.0" "Mozilla/5.0 (Windows NT 10.0; Win64; x64) AppleWebKit/537.36 (KHTML, like Gecko) Chrome/106.0.0.0 Safari/537.36"
::1 - - [30/Oct/2022:13:59:27 +0300] "GET /phpmyadmin/themes/pmahomme/img/b_relations.png HTTP/1.1" 200 140 "http://localhost/phpmyadmin/themes/pmahomme/css/theme.css?v=5.2.0" "Mozilla/5.0 (Windows NT 10.0; Win64; x64) AppleWebKit/537.36 (KHTML, like Gecko) Chrome/106.0.0.0 Safari/537.36"
::1 - - [30/Oct/2022:13:59:27 +0300] "GET /phpmyadmin/themes/pmahomme/img/b_routines.png HTTP/1.1" 200 306 "http://localhost/phpmyadmin/themes/pmahomme/css/theme.css?v=5.2.0" "Mozilla/5.0 (Windows NT 10.0; Win64; x64) AppleWebKit/537.36 (KHTML, like Gecko) Chrome/106.0.0.0 Safari/537.36"
::1 - - [30/Oct/2022:13:59:27 +0300] "GET /phpmyadmin/themes/pmahomme/img/b_triggers.png HTTP/1.1" 200 446 "http://localhost/phpmyadmin/themes/pmahomme/css/theme.css?v=5.2.0" "Mozilla/5.0 (Windows NT 10.0; Win64; x64) AppleWebKit/537.36 (KHTML, like Gecko) Chrome/106.0.0.0 Safari/537.36"
::1 - - [30/Oct/2022:13:59:27 +0300] "GET /phpmyadmin/themes/pmahomme/img/eye.png HTTP/1.1" 200 663 "http://localhost/phpmyadmin/themes/pmahomme/css/theme.css?v=5.2.0" "Mozilla/5.0 (Windows NT 10.0; Win64; x64) AppleWebKit/537.36 (KHTML, like Gecko) Chrome/106.0.0.0 Safari/537.36"
::1 - - [30/Oct/2022:13:59:27 +0300] "GET /phpmyadmin/themes/pmahomme/img/centralColumns.png HTTP/1.1" 200 586 "http://localhost/phpmyadmin/themes/pmahomme/css/theme.css?v=5.2.0" "Mozilla/5.0 (Windows NT 10.0; Win64; x64) AppleWebKit/537.36 (KHTML, like Gecko) Chrome/106.0.0.0 Safari/537.36"
::1 - - [30/Oct/2022:13:59:27 +0300] "GET /phpmyadmin/js/dist/database/structure.js?v=5.2.0 HTTP/1.1" 200 14663 "-" "Mozilla/5.0 (Windows NT 10.0; Win64; x64) AppleWebKit/537.36 (KHTML, like Gecko) Chrome/106.0.0.0 Safari/537.36"
::1 - - [30/Oct/2022:13:59:27 +0300] "GET /phpmyadmin/js/dist/table/change.js?v=5.2.0 HTTP/1.1" 200 29011 "-" "Mozilla/5.0 (Windows NT 10.0; Win64; x64) AppleWebKit/537.36 (KHTML, like Gecko) Chrome/106.0.0.0 Safari/537.36"
::1 - - [30/Oct/2022:13:59:28 +0300] "GET /phpmyadmin/themes/pmahomme/img/s_notice.png HTTP/1.1" 200 567 "http://localhost/phpmyadmin/themes/pmahomme/css/theme.css?v=5.2.0" "Mozilla/5.0 (Windows NT 10.0; Win64; x64) AppleWebKit/537.36 (KHTML, like Gecko) Chrome/106.0.0.0 Safari/537.36"
::1 - - [30/Oct/2022:13:59:28 +0300] "GET /phpmyadmin/themes/pmahomme/img/b_table_add.png HTTP/1.1" 200 571 "http://localhost/phpmyadmin/themes/pmahomme/css/theme.css?v=5.2.0" "Mozilla/5.0 (Windows NT 10.0; Win64; x64) AppleWebKit/537.36 (KHTML, like Gecko) Chrome/106.0.0.0 Safari/537.36"
::1 - - [30/Oct/2022:13:59:27 +0300] "POST /phpmyadmin/index.php?route=/navigation&ajax_request=1 HTTP/1.1" 200 2283 "-" "Mozilla/5.0 (Windows NT 10.0; Win64; x64) AppleWebKit/537.36 (KHTML, like Gecko) Chrome/106.0.0.0 Safari/537.36"
::1 - - [30/Oct/2022:13:59:27 +0300] "POST /phpmyadmin/index.php?route=/navigation&ajax_request=1 HTTP/1.1" 200 1490 "-" "Mozilla/5.0 (Windows NT 10.0; Win64; x64) AppleWebKit/537.36 (KHTML, like Gecko) Chrome/106.0.0.0 Safari/537.36"
::1 - - [30/Oct/2022:13:59:28 +0300] "POST /phpmyadmin/index.php?route=/navigation&ajax_request=1 HTTP/1.1" 200 1490 "-" "Mozilla/5.0 (Windows NT 10.0; Win64; x64) AppleWebKit/537.36 (KHTML, like Gecko) Chrome/106.0.0.0 Safari/537.36"
::1 - - [30/Oct/2022:13:59:28 +0300] "GET /phpmyadmin/themes/pmahomme/img/b_minus.png HTTP/1.1" 200 123 "http://localhost/phpmyadmin/themes/pmahomme/css/theme.css?v=5.2.0" "Mozilla/5.0 (Windows NT 10.0; Win64; x64) AppleWebKit/537.36 (KHTML, like Gecko) Chrome/106.0.0.0 Safari/537.36"
127.0.0.1 - - [30/Oct/2022:13:59:38 +0300] "POST /logstores/logstore_ens_ip/shards/lb HTTP/1.1" 404 324 "-" "log-c-lite_0.1.0"
127.0.0.1 - - [30/Oct/2022:14:00:38 +0300] "POST /logstores/logstore_ens_ip/shards/lb HTTP/1.1" 404 324 "-" "log-c-lite_0.1.0"
127.0.0.1 - - [30/Oct/2022:14:01:38 +0300] "POST /logstores/logstore_ens_ip/shards/lb HTTP/1.1" 404 324 "-" "log-c-lite_0.1.0"
127.0.0.1 - - [30/Oct/2022:14:02:38 +0300] "POST /logstores/logstore_ens_ip/shards/lb HTTP/1.1" 404 324 "-" "log-c-lite_0.1.0"
127.0.0.1 - - [30/Oct/2022:14:03:38 +0300] "POST /logstores/logstore_ens_ip/shards/lb HTTP/1.1" 404 324 "-" "log-c-lite_0.1.0"
127.0.0.1 - - [30/Oct/2022:14:04:38 +0300] "POST /logstores/logstore_ens_ip/shards/lb HTTP/1.1" 404 324 "-" "log-c-lite_0.1.0"
127.0.0.1 - - [30/Oct/2022:14:05:38 +0300] "POST /logstores/logstore_ens_ip/shards/lb HTTP/1.1" 404 324 "-" "log-c-lite_0.1.0"
127.0.0.1 - - [30/Oct/2022:14:06:39 +0300] "POST /logstores/logstore_ens_ip/shards/lb HTTP/1.1" 404 324 "-" "log-c-lite_0.1.0"
127.0.0.1 - - [30/Oct/2022:14:07:39 +0300] "POST /logstores/logstore_ens_ip/shards/lb HTTP/1.1" 404 324 "-" "log-c-lite_0.1.0"
127.0.0.1 - - [30/Oct/2022:14:08:39 +0300] "POST /logstores/logstore_ens_ip/shards/lb HTTP/1.1" 404 324 "-" "log-c-lite_0.1.0"
::1 - - [30/Oct/2022:14:08:48 +0300] "GET /opencart/upload/index.php?route=product/category&language=en-gb&path=25_28 HTTP/1.1" 200 32520 "http://localhost/opencart/upload/index.php?route=product/category&language=en-gb&path=25_29" "Mozilla/5.0 (Windows NT 10.0; Win64; x64) AppleWebKit/537.36 (KHTML, like Gecko) Chrome/106.0.0.0 Safari/537.36"
::1 - - [30/Oct/2022:14:08:48 +0300] "GET /opencart/upload/image/cache/catalog/demo/compaq_presario-200x180.jpg HTTP/1.1" 304 - "http://localhost/opencart/upload/index.php?route=product/category&language=en-gb&path=25_28" "Mozilla/5.0 (Windows NT 10.0; Win64; x64) AppleWebKit/537.36 (KHTML, like Gecko) Chrome/106.0.0.0 Safari/537.36"
::1 - - [30/Oct/2022:14:08:48 +0300] "GET /opencart/upload/image/cache/catalog/demo/apple_cinema_30-250x250.jpg HTTP/1.1" 304 - "http://localhost/opencart/upload/index.php?route=product/category&language=en-gb&path=25_28" "Mozilla/5.0 (Windows NT 10.0; Win64; x64) AppleWebKit/537.36 (KHTML, like Gecko) Chrome/106.0.0.0 Safari/537.36"
::1 - - [30/Oct/2022:14:08:48 +0300] "GET /opencart/upload/image/cache/catalog/demo/samsung_syncmaster_941bw-250x250.jpg HTTP/1.1" 304 - "http://localhost/opencart/upload/index.php?route=product/category&language=en-gb&path=25_28" "Mozilla/5.0 (Windows NT 10.0; Win64; x64) AppleWebKit/537.36 (KHTML, like Gecko) Chrome/106.0.0.0 Safari/537.36"
::1 - - [30/Oct/2022:14:08:50 +0300] "GET /phpmyadmin/index.php?route=/database/structure&db=jerry HTTP/1.1" 200 10888 "-" "Mozilla/5.0 (Windows NT 10.0; Win64; x64) AppleWebKit/537.36 (KHTML, like Gecko) Chrome/106.0.0.0 Safari/537.36"
::1 - - [30/Oct/2022:14:08:51 +0300] "POST /phpmyadmin/index.php?route=/config/get HTTP/1.1" 200 1472 "-" "Mozilla/5.0 (Windows NT 10.0; Win64; x64) AppleWebKit/537.36 (KHTML, like Gecko) Chrome/106.0.0.0 Safari/537.36"
::1 - - [30/Oct/2022:14:08:51 +0300] "POST /phpmyadmin/index.php?route=/navigation&ajax_request=1 HTTP/1.1" 200 2297 "-" "Mozilla/5.0 (Windows NT 10.0; Win64; x64) AppleWebKit/537.36 (KHTML, like Gecko) Chrome/106.0.0.0 Safari/537.36"
::1 - - [30/Oct/2022:14:08:51 +0300] "POST /phpmyadmin/index.php?route=/config/get HTTP/1.1" 200 1564 "-" "Mozilla/5.0 (Windows NT 10.0; Win64; x64) AppleWebKit/537.36 (KHTML, like Gecko) Chrome/106.0.0.0 Safari/537.36"
::1 - - [30/Oct/2022:14:08:51 +0300] "POST /phpmyadmin/index.php?route=/config/set HTTP/1.1" 200 1464 "-" "Mozilla/5.0 (Windows NT 10.0; Win64; x64) AppleWebKit/537.36 (KHTML, like Gecko) Chrome/106.0.0.0 Safari/537.36"
::1 - - [30/Oct/2022:14:09:30 +0300] "GET /opencart/upload/index.php?route=product/category&language=en-gb&path=25_28 HTTP/1.1" 200 32520 "http://localhost/opencart/upload/index.php?route=product/category&language=en-gb&path=25_29" "Mozilla/5.0 (Windows NT 10.0; Win64; x64) AppleWebKit/537.36 (KHTML, like Gecko) Chrome/106.0.0.0 Safari/537.36"
::1 - - [30/Oct/2022:14:09:31 +0300] "GET /phpmyadmin/index.php?route=/database/structure&db=jerry HTTP/1.1" 200 10888 "-" "Mozilla/5.0 (Windows NT 10.0; Win64; x64) AppleWebKit/537.36 (KHTML, like Gecko) Chrome/106.0.0.0 Safari/537.36"
::1 - - [30/Oct/2022:14:09:32 +0300] "POST /phpmyadmin/index.php?route=/config/get HTTP/1.1" 200 1472 "-" "Mozilla/5.0 (Windows NT 10.0; Win64; x64) AppleWebKit/537.36 (KHTML, like Gecko) Chrome/106.0.0.0 Safari/537.36"
::1 - - [30/Oct/2022:14:09:32 +0300] "POST /phpmyadmin/index.php?route=/navigation&ajax_request=1 HTTP/1.1" 200 2297 "-" "Mozilla/5.0 (Windows NT 10.0; Win64; x64) AppleWebKit/537.36 (KHTML, like Gecko) Chrome/106.0.0.0 Safari/537.36"
::1 - - [30/Oct/2022:14:09:32 +0300] "POST /phpmyadmin/index.php?route=/config/get HTTP/1.1" 200 1564 "-" "Mozilla/5.0 (Windows NT 10.0; Win64; x64) AppleWebKit/537.36 (KHTML, like Gecko) Chrome/106.0.0.0 Safari/537.36"
::1 - - [30/Oct/2022:14:09:32 +0300] "POST /phpmyadmin/index.php?route=/config/set HTTP/1.1" 200 1464 "-" "Mozilla/5.0 (Windows NT 10.0; Win64; x64) AppleWebKit/537.36 (KHTML, like Gecko) Chrome/106.0.0.0 Safari/537.36"
127.0.0.1 - - [30/Oct/2022:14:09:39 +0300] "POST /logstores/logstore_ens_ip/shards/lb HTTP/1.1" 404 324 "-" "log-c-lite_0.1.0"
::1 - - [30/Oct/2022:14:09:46 +0300] "GET /opencart/upload/index.php?route=product/category&language=en-gb&path=25_32 HTTP/1.1" 200 23357 "http://localhost/opencart/upload/index.php?route=product/category&language=en-gb&path=25_28" "Mozilla/5.0 (Windows NT 10.0; Win64; x64) AppleWebKit/537.36 (KHTML, like Gecko) Chrome/106.0.0.0 Safari/537.36"
::1 - - [30/Oct/2022:14:09:56 +0300] "GET /opencart/upload/index.php?route=product/category&language=en-gb&path=25_32 HTTP/1.1" 200 23357 "http://localhost/opencart/upload/index.php?route=product/category&language=en-gb&path=25_28" "Mozilla/5.0 (Windows NT 10.0; Win64; x64) AppleWebKit/537.36 (KHTML, like Gecko) Chrome/106.0.0.0 Safari/537.36"
::1 - - [30/Oct/2022:14:09:56 +0300] "GET /opencart/upload/image/cache/catalog/demo/compaq_presario-200x180.jpg HTTP/1.1" 304 - "http://localhost/opencart/upload/index.php?route=product/category&language=en-gb&path=25_32" "Mozilla/5.0 (Windows NT 10.0; Win64; x64) AppleWebKit/537.36 (KHTML, like Gecko) Chrome/106.0.0.0 Safari/537.36"
::1 - - [30/Oct/2022:14:09:57 +0300] "GET /opencart/upload/index.php?route=product/category&language=en-gb&path=25_32 HTTP/1.1" 200 23357 "http://localhost/opencart/upload/index.php?route=product/category&language=en-gb&path=25_28" "Mozilla/5.0 (Windows NT 10.0; Win64; x64) AppleWebKit/537.36 (KHTML, like Gecko) Chrome/106.0.0.0 Safari/537.36"
::1 - - [30/Oct/2022:14:11:40 +0300] "GET /opencart/upload/index.php?route=product/category&language=en-gb&path=25_32 HTTP/1.1" 200 23357 "http://localhost/opencart/upload/index.php?route=product/category&language=en-gb&path=25_28" "Mozilla/5.0 (Windows NT 10.0; Win64; x64) AppleWebKit/537.36 (KHTML, like Gecko) Chrome/106.0.0.0 Safari/537.36"
::1 - - [30/Oct/2022:14:11:40 +0300] "GET /opencart/upload/index.php?route=product/category&language=en-gb&path=25_32 HTTP/1.1" 200 23357 "-" "Mozilla/5.0 (Windows NT 10.0; Win64; x64) AppleWebKit/537.36 (KHTML, like Gecko) Chrome/106.0.0.0 Safari/537.36"
::1 - - [30/Oct/2022:14:11:41 +0300] "GET /opencart/upload/image/cache/catalog/demo/compaq_presario-200x180.jpg HTTP/1.1" 304 - "http://localhost/opencart/upload/index.php?route=product/category&language=en-gb&path=25_32" "Mozilla/5.0 (Windows NT 10.0; Win64; x64) AppleWebKit/537.36 (KHTML, like Gecko) Chrome/106.0.0.0 Safari/537.36"
127.0.0.1 - - [30/Oct/2022:14:11:41 +0300] "POST /logstores/logstore_ens_ip/shards/lb HTTP/1.1" 404 324 "-" "log-c-lite_0.1.0"
::1 - - [30/Oct/2022:14:11:45 +0300] "GET / HTTP/1.1" 302 - "-" "Mozilla/5.0 (Windows NT 10.0; Win64; x64) AppleWebKit/537.36 (KHTML, like Gecko) Chrome/106.0.0.0 Safari/537.36"
::1 - - [30/Oct/2022:14:11:50 +0300] "GET / HTTP/1.1" 302 - "-" "Mozilla/5.0 (Windows NT 10.0; Win64; x64) AppleWebKit/537.36 (KHTML, like Gecko) Chrome/106.0.0.0 Safari/537.36"
::1 - - [30/Oct/2022:14:16:50 +0300] "GET / HTTP/1.1" 302 - "-" "Mozilla/5.0 (Windows NT 10.0; Win64; x64) AppleWebKit/537.36 (KHTML, like Gecko) Chrome/106.0.0.0 Safari/537.36"
::1 - - [30/Oct/2022:14:16:50 +0300] "GET /dashboard/ HTTP/1.1" 304 - "-" "Mozilla/5.0 (Windows NT 10.0; Win64; x64) AppleWebKit/537.36 (KHTML, like Gecko) Chrome/106.0.0.0 Safari/537.36"
127.0.0.1 - - [30/Oct/2022:14:16:50 +0300] "POST /logstores/logstore_ens_ip/shards/lb HTTP/1.1" 404 324 "-" "log-c-lite_0.1.0"
127.0.0.1 - - [30/Oct/2022:14:17:50 +0300] "POST /logstores/logstore_ens_ip/shards/lb HTTP/1.1" 404 324 "-" "log-c-lite_0.1.0"
127.0.0.1 - - [30/Oct/2022:14:18:50 +0300] "POST /logstores/logstore_ens_ip/shards/lb HTTP/1.1" 404 324 "-" "log-c-lite_0.1.0"
::1 - - [30/Oct/2022:14:19:47 +0300] "GET /dashboard/ HTTP/1.1" 304 - "-" "Mozilla/5.0 (Windows NT 10.0; Win64; x64) AppleWebKit/537.36 (KHTML, like Gecko) Chrome/106.0.0.0 Safari/537.36"
127.0.0.1 - - [30/Oct/2022:14:19:50 +0300] "POST /logstores/logstore_ens_ip/shards/lb HTTP/1.1" 404 324 "-" "log-c-lite_0.1.0"
::1 - - [30/Oct/2022:14:20:14 +0300] "GET /phpmyadmin/index.php?route=/database/structure&db=jerry HTTP/1.1" 200 10888 "-" "Mozilla/5.0 (Windows NT 10.0; Win64; x64) AppleWebKit/537.36 (KHTML, like Gecko) Chrome/106.0.0.0 Safari/537.36"
::1 - - [30/Oct/2022:14:20:16 +0300] "POST /phpmyadmin/index.php?route=/config/get HTTP/1.1" 200 1472 "-" "Mozilla/5.0 (Windows NT 10.0; Win64; x64) AppleWebKit/537.36 (KHTML, like Gecko) Chrome/106.0.0.0 Safari/537.36"
::1 - - [30/Oct/2022:14:20:16 +0300] "POST /phpmyadmin/index.php?route=/navigation&ajax_request=1 HTTP/1.1" 200 2297 "-" "Mozilla/5.0 (Windows NT 10.0; Win64; x64) AppleWebKit/537.36 (KHTML, like Gecko) Chrome/106.0.0.0 Safari/537.36"
::1 - - [30/Oct/2022:14:20:16 +0300] "POST /phpmyadmin/index.php?route=/config/get HTTP/1.1" 200 1564 "-" "Mozilla/5.0 (Windows NT 10.0; Win64; x64) AppleWebKit/537.36 (KHTML, like Gecko) Chrome/106.0.0.0 Safari/537.36"
::1 - - [30/Oct/2022:14:20:17 +0300] "POST /phpmyadmin/index.php?route=/config/set HTTP/1.1" 200 1464 "-" "Mozilla/5.0 (Windows NT 10.0; Win64; x64) AppleWebKit/537.36 (KHTML, like Gecko) Chrome/106.0.0.0 Safari/537.36"
127.0.0.1 - - [30/Oct/2022:14:20:50 +0300] "POST /logstores/logstore_ens_ip/shards/lb HTTP/1.1" 404 324 "-" "log-c-lite_0.1.0"
127.0.0.1 - - [30/Oct/2022:14:21:50 +0300] "POST /logstores/logstore_ens_ip/shards/lb HTTP/1.1" 404 324 "-" "log-c-lite_0.1.0"
127.0.0.1 - - [30/Oct/2022:14:22:50 +0300] "POST /logstores/logstore_ens_ip/shards/lb HTTP/1.1" 404 324 "-" "log-c-lite_0.1.0"
127.0.0.1 - - [30/Oct/2022:14:23:50 +0300] "POST /logstores/logstore_ens_ip/shards/lb HTTP/1.1" 404 324 "-" "log-c-lite_0.1.0"
127.0.0.1 - - [30/Oct/2022:14:24:51 +0300] "POST /logstores/logstore_ens_ip/shards/lb HTTP/1.1" 404 324 "-" "log-c-lite_0.1.0"
127.0.0.1 - - [30/Oct/2022:14:25:51 +0300] "POST /logstores/logstore_ens_ip/shards/lb HTTP/1.1" 404 324 "-" "log-c-lite_0.1.0"
127.0.0.1 - - [30/Oct/2022:14:26:51 +0300] "POST /logstores/logstore_ens_ip/shards/lb HTTP/1.1" 404 324 "-" "log-c-lite_0.1.0"
127.0.0.1 - - [30/Oct/2022:14:27:51 +0300] "POST /logstores/logstore_ens_ip/shards/lb HTTP/1.1" 404 324 "-" "log-c-lite_0.1.0"
127.0.0.1 - - [30/Oct/2022:14:28:51 +0300] "POST /logstores/logstore_ens_ip/shards/lb HTTP/1.1" 404 324 "-" "log-c-lite_0.1.0"
127.0.0.1 - - [30/Oct/2022:14:29:51 +0300] "POST /logstores/logstore_ens_ip/shards/lb HTTP/1.1" 404 324 "-" "log-c-lite_0.1.0"
127.0.0.1 - - [30/Oct/2022:14:30:51 +0300] "POST /logstores/logstore_ens_ip/shards/lb HTTP/1.1" 404 324 "-" "log-c-lite_0.1.0"
127.0.0.1 - - [30/Oct/2022:14:31:51 +0300] "POST /logstores/logstore_ens_ip/shards/lb HTTP/1.1" 404 324 "-" "log-c-lite_0.1.0"
127.0.0.1 - - [30/Oct/2022:14:32:51 +0300] "POST /logstores/logstore_ens_ip/shards/lb HTTP/1.1" 404 324 "-" "log-c-lite_0.1.0"
127.0.0.1 - - [30/Oct/2022:14:33:51 +0300] "POST /logstores/logstore_ens_ip/shards/lb HTTP/1.1" 404 324 "-" "log-c-lite_0.1.0"
127.0.0.1 - - [30/Oct/2022:14:34:51 +0300] "POST /logstores/logstore_ens_ip/shards/lb HTTP/1.1" 404 324 "-" "log-c-lite_0.1.0"
127.0.0.1 - - [30/Oct/2022:14:35:51 +0300] "POST /logstores/logstore_ens_ip/shards/lb HTTP/1.1" 404 324 "-" "log-c-lite_0.1.0"
127.0.0.1 - - [30/Oct/2022:14:36:51 +0300] "POST /logstores/logstore_ens_ip/shards/lb HTTP/1.1" 404 324 "-" "log-c-lite_0.1.0"
127.0.0.1 - - [30/Oct/2022:14:37:51 +0300] "POST /logstores/logstore_ens_ip/shards/lb HTTP/1.1" 404 324 "-" "log-c-lite_0.1.0"
127.0.0.1 - - [30/Oct/2022:14:38:51 +0300] "POST /logstores/logstore_ens_ip/shards/lb HTTP/1.1" 404 324 "-" "log-c-lite_0.1.0"
127.0.0.1 - - [30/Oct/2022:14:39:51 +0300] "POST /logstores/logstore_ens_ip/shards/lb HTTP/1.1" 404 324 "-" "log-c-lite_0.1.0"
127.0.0.1 - - [30/Oct/2022:14:40:51 +0300] "POST /logstores/logstore_ens_ip/shards/lb HTTP/1.1" 404 324 "-" "log-c-lite_0.1.0"
127.0.0.1 - - [30/Oct/2022:14:41:51 +0300] "POST /logstores/logstore_ens_ip/shards/lb HTTP/1.1" 404 324 "-" "log-c-lite_0.1.0"
127.0.0.1 - - [30/Oct/2022:14:42:52 +0300] "POST /logstores/logstore_ens_ip/shards/lb HTTP/1.1" 404 324 "-" "log-c-lite_0.1.0"
127.0.0.1 - - [30/Oct/2022:14:43:52 +0300] "POST /logstores/logstore_ens_ip/shards/lb HTTP/1.1" 404 324 "-" "log-c-lite_0.1.0"
127.0.0.1 - - [30/Oct/2022:14:44:52 +0300] "POST /logstores/logstore_ens_ip/shards/lb HTTP/1.1" 404 324 "-" "log-c-lite_0.1.0"
127.0.0.1 - - [30/Oct/2022:14:45:52 +0300] "POST /logstores/logstore_ens_ip/shards/lb HTTP/1.1" 404 324 "-" "log-c-lite_0.1.0"
127.0.0.1 - - [30/Oct/2022:14:46:52 +0300] "POST /logstores/logstore_ens_ip/shards/lb HTTP/1.1" 404 324 "-" "log-c-lite_0.1.0"
127.0.0.1 - - [30/Oct/2022:14:47:52 +0300] "POST /logstores/logstore_ens_ip/shards/lb HTTP/1.1" 404 324 "-" "log-c-lite_0.1.0"
127.0.0.1 - - [30/Oct/2022:14:50:41 +0300] "POST /logstores/logstore_ens_ip/shards/lb HTTP/1.1" 404 324 "-" "log-c-lite_0.1.0"
::1 - - [30/Oct/2022:14:50:51 +0300] "GET /phpmyadmin/index.php?route=/database/structure&db=jerry HTTP/1.1" 200 10888 "-" "Mozilla/5.0 (Windows NT 10.0; Win64; x64) AppleWebKit/537.36 (KHTML, like Gecko) Chrome/106.0.0.0 Safari/537.36"
::1 - - [30/Oct/2022:14:50:53 +0300] "GET /phpmyadmin/index.php?route=/database/structure&db=jerry HTTP/1.1" 200 10888 "-" "Mozilla/5.0 (Windows NT 10.0; Win64; x64) AppleWebKit/537.36 (KHTML, like Gecko) Chrome/106.0.0.0 Safari/537.36"
::1 - - [30/Oct/2022:14:50:54 +0300] "POST /phpmyadmin/index.php?route=/config/get HTTP/1.1" 200 1472 "-" "Mozilla/5.0 (Windows NT 10.0; Win64; x64) AppleWebKit/537.36 (KHTML, like Gecko) Chrome/106.0.0.0 Safari/537.36"
::1 - - [30/Oct/2022:14:50:54 +0300] "POST /phpmyadmin/index.php?route=/navigation&ajax_request=1 HTTP/1.1" 200 2297 "-" "Mozilla/5.0 (Windows NT 10.0; Win64; x64) AppleWebKit/537.36 (KHTML, like Gecko) Chrome/106.0.0.0 Safari/537.36"
::1 - - [30/Oct/2022:14:50:54 +0300] "POST /phpmyadmin/index.php?route=/config/get HTTP/1.1" 200 1564 "-" "Mozilla/5.0 (Windows NT 10.0; Win64; x64) AppleWebKit/537.36 (KHTML, like Gecko) Chrome/106.0.0.0 Safari/537.36"
::1 - - [30/Oct/2022:14:50:56 +0300] "POST /phpmyadmin/index.php?route=/config/set HTTP/1.1" 200 1464 "-" "Mozilla/5.0 (Windows NT 10.0; Win64; x64) AppleWebKit/537.36 (KHTML, like Gecko) Chrome/106.0.0.0 Safari/537.36"
127.0.0.1 - - [30/Oct/2022:14:51:41 +0300] "POST /logstores/logstore_ens_ip/shards/lb HTTP/1.1" 404 324 "-" "log-c-lite_0.1.0"
127.0.0.1 - - [30/Oct/2022:14:52:42 +0300] "POST /logstores/logstore_ens_ip/shards/lb HTTP/1.1" 404 324 "-" "log-c-lite_0.1.0"
::1 - - [30/Oct/2022:14:53:08 +0300] "GET /dashboard/ HTTP/1.1" 304 - "-" "Mozilla/5.0 (Windows NT 10.0; Win64; x64) AppleWebKit/537.36 (KHTML, like Gecko) Chrome/106.0.0.0 Safari/537.36"
127.0.0.1 - - [30/Oct/2022:14:53:42 +0300] "POST /logstores/logstore_ens_ip/shards/lb HTTP/1.1" 404 324 "-" "log-c-lite_0.1.0"
127.0.0.1 - - [30/Oct/2022:14:54:42 +0300] "POST /logstores/logstore_ens_ip/shards/lb HTTP/1.1" 404 324 "-" "log-c-lite_0.1.0"
127.0.0.1 - - [30/Oct/2022:14:55:42 +0300] "POST /logstores/logstore_ens_ip/shards/lb HTTP/1.1" 404 324 "-" "log-c-lite_0.1.0"
127.0.0.1 - - [30/Oct/2022:14:56:42 +0300] "POST /logstores/logstore_ens_ip/shards/lb HTTP/1.1" 404 324 "-" "log-c-lite_0.1.0"
127.0.0.1 - - [30/Oct/2022:23:11:45 +0300] "POST /logstores/logstore_ens_ip/shards/lb HTTP/1.1" 404 324 "-" "log-c-lite_0.1.0"
127.0.0.1 - - [30/Oct/2022:23:12:45 +0300] "POST /logstores/logstore_ens_ip/shards/lb HTTP/1.1" 404 324 "-" "log-c-lite_0.1.0"
10.211.55.2 - - [30/Oct/2022:23:13:03 +0300] "GET / HTTP/1.1" 302 - "-" "Mozilla/5.0 (Macintosh; Intel Mac OS X 10_15_7) AppleWebKit/537.36 (KHTML, like Gecko) Chrome/106.0.0.0 Safari/537.36 OPR/92.0.0.0"
10.211.55.2 - - [30/Oct/2022:23:13:03 +0300] "GET /dashboard/ HTTP/1.1" 200 7577 "-" "Mozilla/5.0 (Macintosh; Intel Mac OS X 10_15_7) AppleWebKit/537.36 (KHTML, like Gecko) Chrome/106.0.0.0 Safari/537.36 OPR/92.0.0.0"
10.211.55.2 - - [30/Oct/2022:23:13:03 +0300] "GET /dashboard/stylesheets/normalize.css HTTP/1.1" 200 6876 "http://windowshost/dashboard/" "Mozilla/5.0 (Macintosh; Intel Mac OS X 10_15_7) AppleWebKit/537.36 (KHTML, like Gecko) Chrome/106.0.0.0 Safari/537.36 OPR/92.0.0.0"
10.211.55.2 - - [30/Oct/2022:23:13:03 +0300] "GET /dashboard/stylesheets/all.css HTTP/1.1" 200 481698 "http://windowshost/dashboard/" "Mozilla/5.0 (Macintosh; Intel Mac OS X 10_15_7) AppleWebKit/537.36 (KHTML, like Gecko) Chrome/106.0.0.0 Safari/537.36 OPR/92.0.0.0"
10.211.55.2 - - [30/Oct/2022:23:13:03 +0300] "GET /dashboard/javascripts/modernizr.js HTTP/1.1" 200 51365 "http://windowshost/dashboard/" "Mozilla/5.0 (Macintosh; Intel Mac OS X 10_15_7) AppleWebKit/537.36 (KHTML, like Gecko) Chrome/106.0.0.0 Safari/537.36 OPR/92.0.0.0"
10.211.55.2 - - [30/Oct/2022:23:13:03 +0300] "GET /dashboard/images/social-icons.png HTTP/1.1" 200 3361 "http://windowshost/dashboard/" "Mozilla/5.0 (Macintosh; Intel Mac OS X 10_15_7) AppleWebKit/537.36 (KHTML, like Gecko) Chrome/106.0.0.0 Safari/537.36 OPR/92.0.0.0"
10.211.55.2 - - [30/Oct/2022:23:13:03 +0300] "GET /dashboard/images/social-icons-large.png HTTP/1.1" 200 7466 "http://windowshost/dashboard/" "Mozilla/5.0 (Macintosh; Intel Mac OS X 10_15_7) AppleWebKit/537.36 (KHTML, like Gecko) Chrome/106.0.0.0 Safari/537.36 OPR/92.0.0.0"
10.211.55.2 - - [30/Oct/2022:23:13:03 +0300] "GET /dashboard/images/social-icons-large@2x.png HTTP/1.1" 200 6533 "http://windowshost/dashboard/" "Mozilla/5.0 (Macintosh; Intel Mac OS X 10_15_7) AppleWebKit/537.36 (KHTML, like Gecko) Chrome/106.0.0.0 Safari/537.36 OPR/92.0.0.0"
10.211.55.2 - - [30/Oct/2022:23:13:03 +0300] "GET /dashboard/images/social-icons@2x.png HTTP/1.1" 200 5360 "http://windowshost/dashboard/" "Mozilla/5.0 (Macintosh; Intel Mac OS X 10_15_7) AppleWebKit/537.36 (KHTML, like Gecko) Chrome/106.0.0.0 Safari/537.36 OPR/92.0.0.0"
10.211.55.2 - - [30/Oct/2022:23:13:03 +0300] "GET /dashboard/images/pdf-icon.png HTTP/1.1" 200 3778 "http://windowshost/dashboard/" "Mozilla/5.0 (Macintosh; Intel Mac OS X 10_15_7) AppleWebKit/537.36 (KHTML, like Gecko) Chrome/106.0.0.0 Safari/537.36 OPR/92.0.0.0"
10.211.55.2 - - [30/Oct/2022:23:13:03 +0300] "GET /dashboard/javascripts/all.js HTTP/1.1" 200 188385 "http://windowshost/dashboard/" "Mozilla/5.0 (Macintosh; Intel Mac OS X 10_15_7) AppleWebKit/537.36 (KHTML, like Gecko) Chrome/106.0.0.0 Safari/537.36 OPR/92.0.0.0"
10.211.55.2 - - [30/Oct/2022:23:13:03 +0300] "GET /dashboard/images/xampp-logo.svg HTTP/1.1" 200 5427 "http://windowshost/dashboard/" "Mozilla/5.0 (Macintosh; Intel Mac OS X 10_15_7) AppleWebKit/537.36 (KHTML, like Gecko) Chrome/106.0.0.0 Safari/537.36 OPR/92.0.0.0"
10.211.55.2 - - [30/Oct/2022:23:13:03 +0300] "GET /dashboard/images/bitnami-xampp.png HTTP/1.1" 200 22133 "http://windowshost/dashboard/" "Mozilla/5.0 (Macintosh; Intel Mac OS X 10_15_7) AppleWebKit/537.36 (KHTML, like Gecko) Chrome/106.0.0.0 Safari/537.36 OPR/92.0.0.0"
10.211.55.2 - - [30/Oct/2022:23:13:03 +0300] "GET /dashboard/images/fastly-logo.png HTTP/1.1" 200 1770 "http://windowshost/dashboard/" "Mozilla/5.0 (Macintosh; Intel Mac OS X 10_15_7) AppleWebKit/537.36 (KHTML, like Gecko) Chrome/106.0.0.0 Safari/537.36 OPR/92.0.0.0"
10.211.55.2 - - [30/Oct/2022:23:13:03 +0300] "GET /dashboard/images/favicon.png HTTP/1.1" 200 2508 "http://windowshost/dashboard/" "Mozilla/5.0 (Macintosh; Intel Mac OS X 10_15_7) AppleWebKit/537.36 (KHTML, like Gecko) Chrome/106.0.0.0 Safari/537.36 OPR/92.0.0.0"
127.0.0.1 - - [30/Oct/2022:23:13:45 +0300] "POST /logstores/logstore_ens_ip/shards/lb HTTP/1.1" 404 324 "-" "log-c-lite_0.1.0"
10.211.55.2 - - [30/Oct/2022:23:14:28 +0300] "GET /phpmyadmin/ HTTP/1.1" 404 - "http://windowshost/dashboard/" "Mozilla/5.0 (Macintosh; Intel Mac OS X 10_15_7) AppleWebKit/537.36 (KHTML, like Gecko) Chrome/106.0.0.0 Safari/537.36 OPR/92.0.0.0"
10.211.55.2 - - [30/Oct/2022:23:14:31 +0300] "GET /favicon.ico HTTP/1.1" 200 30894 "http://windowshost/phpmyadmin/" "Mozilla/5.0 (Macintosh; Intel Mac OS X 10_15_7) AppleWebKit/537.36 (KHTML, like Gecko) Chrome/106.0.0.0 Safari/537.36 OPR/92.0.0.0"
127.0.0.1 - - [30/Oct/2022:23:14:45 +0300] "POST /logstores/logstore_ens_ip/shards/lb HTTP/1.1" 404 324 "-" "log-c-lite_0.1.0"
10.211.55.2 - - [30/Oct/2022:23:15:07 +0300] "GET / HTTP/1.1" 302 - "-" "Mozilla/5.0 (Macintosh; Intel Mac OS X 10_15_7) AppleWebKit/537.36 (KHTML, like Gecko) Chrome/106.0.0.0 Safari/537.36 OPR/92.0.0.0"
10.211.55.2 - - [30/Oct/2022:23:15:15 +0300] "GET /dashboard/opencart HTTP/1.1" 404 298 "-" "Mozilla/5.0 (Macintosh; Intel Mac OS X 10_15_7) AppleWebKit/537.36 (KHTML, like Gecko) Chrome/106.0.0.0 Safari/537.36 OPR/92.0.0.0"
127.0.0.1 - - [30/Oct/2022:23:15:45 +0300] "POST /logstores/logstore_ens_ip/shards/lb HTTP/1.1" 404 324 "-" "log-c-lite_0.1.0"
127.0.0.1 - - [30/Oct/2022:23:16:45 +0300] "POST /logstores/logstore_ens_ip/shards/lb HTTP/1.1" 404 324 "-" "log-c-lite_0.1.0"
10.211.55.2 - - [30/Oct/2022:23:17:02 +0300] "GET /dashboard/opencart HTTP/1.1" 404 298 "-" "Mozilla/5.0 (Macintosh; Intel Mac OS X 10_15_7) AppleWebKit/537.36 (KHTML, like Gecko) Chrome/106.0.0.0 Safari/537.36 OPR/92.0.0.0"
10.211.55.2 - - [30/Oct/2022:23:17:02 +0300] "GET /dashboard/opencart HTTP/1.1" 404 298 "-" "Mozilla/5.0 (Macintosh; Intel Mac OS X 10_15_7) AppleWebKit/537.36 (KHTML, like Gecko) Chrome/106.0.0.0 Safari/537.36 OPR/92.0.0.0"
10.211.55.2 - - [30/Oct/2022:23:17:06 +0300] "GET /dashboard/ HTTP/1.1" 304 - "-" "Mozilla/5.0 (Macintosh; Intel Mac OS X 10_15_7) AppleWebKit/537.36 (KHTML, like Gecko) Chrome/106.0.0.0 Safari/537.36 OPR/92.0.0.0"
10.211.55.2 - - [30/Oct/2022:23:17:07 +0300] "GET /dashboard/ HTTP/1.1" 304 - "-" "Mozilla/5.0 (Macintosh; Intel Mac OS X 10_15_7) AppleWebKit/537.36 (KHTML, like Gecko) Chrome/106.0.0.0 Safari/537.36 OPR/92.0.0.0"
10.211.55.2 - - [30/Oct/2022:23:17:07 +0300] "GET /dashboard/ HTTP/1.1" 304 - "-" "Mozilla/5.0 (Macintosh; Intel Mac OS X 10_15_7) AppleWebKit/537.36 (KHTML, like Gecko) Chrome/106.0.0.0 Safari/537.36 OPR/92.0.0.0"
10.211.55.2 - - [30/Oct/2022:23:17:07 +0300] "GET /dashboard/ HTTP/1.1" 304 - "-" "Mozilla/5.0 (Macintosh; Intel Mac OS X 10_15_7) AppleWebKit/537.36 (KHTML, like Gecko) Chrome/106.0.0.0 Safari/537.36 OPR/92.0.0.0"
127.0.0.1 - - [30/Oct/2022:23:17:45 +0300] "POST /logstores/logstore_ens_ip/shards/lb HTTP/1.1" 404 324 "-" "log-c-lite_0.1.0"
10.211.55.2 - - [30/Oct/2022:23:18:44 +0300] "GET /dashboard/ HTTP/1.1" 304 - "-" "Mozilla/5.0 (Macintosh; Intel Mac OS X 10_15_7) AppleWebKit/537.36 (KHTML, like Gecko) Chrome/106.0.0.0 Safari/537.36 OPR/92.0.0.0"
127.0.0.1 - - [30/Oct/2022:23:18:46 +0300] "POST /logstores/logstore_ens_ip/shards/lb HTTP/1.1" 404 324 "-" "log-c-lite_0.1.0"
10.211.55.2 - - [30/Oct/2022:23:19:11 +0300] "GET /phpmyadmin/ HTTP/1.1" 404 - "http://windowshost/dashboard/" "Mozilla/5.0 (Macintosh; Intel Mac OS X 10_15_7) AppleWebKit/537.36 (KHTML, like Gecko) Chrome/106.0.0.0 Safari/537.36 OPR/92.0.0.0"
10.211.55.2 - - [30/Oct/2022:23:19:14 +0300] "GET /dashboard/ HTTP/1.1" 304 - "-" "Mozilla/5.0 (Macintosh; Intel Mac OS X 10_15_7) AppleWebKit/537.36 (KHTML, like Gecko) Chrome/106.0.0.0 Safari/537.36 OPR/92.0.0.0"
10.211.55.2 - - [30/Oct/2022:23:19:14 +0300] "GET /dashboard/ HTTP/1.1" 304 - "-" "Mozilla/5.0 (Macintosh; Intel Mac OS X 10_15_7) AppleWebKit/537.36 (KHTML, like Gecko) Chrome/106.0.0.0 Safari/537.36 OPR/92.0.0.0"
10.211.55.2 - - [30/Oct/2022:23:19:15 +0300] "GET /dashboard/ HTTP/1.1" 304 - "-" "Mozilla/5.0 (Macintosh; Intel Mac OS X 10_15_7) AppleWebKit/537.36 (KHTML, like Gecko) Chrome/106.0.0.0 Safari/537.36 OPR/92.0.0.0"
10.211.55.2 - - [30/Oct/2022:23:19:15 +0300] "GET /dashboard/ HTTP/1.1" 304 - "-" "Mozilla/5.0 (Macintosh; Intel Mac OS X 10_15_7) AppleWebKit/537.36 (KHTML, like Gecko) Chrome/106.0.0.0 Safari/537.36 OPR/92.0.0.0"
10.211.55.2 - - [30/Oct/2022:23:19:15 +0300] "GET /dashboard/ HTTP/1.1" 304 - "-" "Mozilla/5.0 (Macintosh; Intel Mac OS X 10_15_7) AppleWebKit/537.36 (KHTML, like Gecko) Chrome/106.0.0.0 Safari/537.36 OPR/92.0.0.0"
10.211.55.2 - - [30/Oct/2022:23:19:15 +0300] "GET /dashboard/ HTTP/1.1" 304 - "-" "Mozilla/5.0 (Macintosh; Intel Mac OS X 10_15_7) AppleWebKit/537.36 (KHTML, like Gecko) Chrome/106.0.0.0 Safari/537.36 OPR/92.0.0.0"
10.211.55.2 - - [30/Oct/2022:23:19:15 +0300] "GET /dashboard/ HTTP/1.1" 304 - "-" "Mozilla/5.0 (Macintosh; Intel Mac OS X 10_15_7) AppleWebKit/537.36 (KHTML, like Gecko) Chrome/106.0.0.0 Safari/537.36 OPR/92.0.0.0"
127.0.0.1 - - [30/Oct/2022:23:19:46 +0300] "POST /logstores/logstore_ens_ip/shards/lb HTTP/1.1" 404 324 "-" "log-c-lite_0.1.0"
127.0.0.1 - - [30/Oct/2022:23:20:46 +0300] "POST /logstores/logstore_ens_ip/shards/lb HTTP/1.1" 404 324 "-" "log-c-lite_0.1.0"
127.0.0.1 - - [30/Oct/2022:23:21:46 +0300] "POST /logstores/logstore_ens_ip/shards/lb HTTP/1.1" 404 324 "-" "log-c-lite_0.1.0"
127.0.0.1 - - [30/Oct/2022:23:22:46 +0300] "POST /logstores/logstore_ens_ip/shards/lb HTTP/1.1" 404 324 "-" "log-c-lite_0.1.0"
127.0.0.1 - - [30/Oct/2022:23:23:46 +0300] "POST /logstores/logstore_ens_ip/shards/lb HTTP/1.1" 404 324 "-" "log-c-lite_0.1.0"
::1 - - [30/Oct/2022:23:24:20 +0300] "GET / HTTP/1.1" 302 - "-" "Mozilla/5.0 (Windows NT 10.0; Win64; x64) AppleWebKit/537.36 (KHTML, like Gecko) Chrome/106.0.0.0 Safari/537.36"
::1 - - [30/Oct/2022:23:24:20 +0300] "GET /dashboard/images/social-icons.png HTTP/1.1" 200 3361 "http://localhost/dashboard/stylesheets/all.css" "Mozilla/5.0 (Windows NT 10.0; Win64; x64) AppleWebKit/537.36 (KHTML, like Gecko) Chrome/106.0.0.0 Safari/537.36"
::1 - - [30/Oct/2022:23:24:23 +0300] "GET / HTTP/1.1" 302 - "-" "Mozilla/5.0 (Windows NT 10.0; Win64; x64) AppleWebKit/537.36 (KHTML, like Gecko) Chrome/106.0.0.0 Safari/537.36"
127.0.0.1 - - [30/Oct/2022:23:24:46 +0300] "POST /logstores/logstore_ens_ip/shards/lb HTTP/1.1" 404 324 "-" "log-c-lite_0.1.0"
127.0.0.1 - - [30/Oct/2022:23:25:46 +0300] "POST /logstores/logstore_ens_ip/shards/lb HTTP/1.1" 404 324 "-" "log-c-lite_0.1.0"
127.0.0.1 - - [30/Oct/2022:23:26:46 +0300] "POST /logstores/logstore_ens_ip/shards/lb HTTP/1.1" 404 324 "-" "log-c-lite_0.1.0"
127.0.0.1 - - [30/Oct/2022:23:27:46 +0300] "POST /logstores/logstore_ens_ip/shards/lb HTTP/1.1" 404 324 "-" "log-c-lite_0.1.0"
127.0.0.1 - - [30/Oct/2022:23:30:19 +0300] "POST /logstores/logstore_ens_ip/shards/lb HTTP/1.1" 404 324 "-" "log-c-lite_0.1.0"
127.0.0.1 - - [30/Oct/2022:23:31:20 +0300] "POST /logstores/logstore_ens_ip/shards/lb HTTP/1.1" 404 324 "-" "log-c-lite_0.1.0"
127.0.0.1 - - [30/Oct/2022:23:32:20 +0300] "POST /logstores/logstore_ens_ip/shards/lb HTTP/1.1" 404 324 "-" "log-c-lite_0.1.0"
127.0.0.1 - - [30/Oct/2022:23:33:20 +0300] "POST /logstores/logstore_ens_ip/shards/lb HTTP/1.1" 404 324 "-" "log-c-lite_0.1.0"
127.0.0.1 - - [30/Oct/2022:23:34:20 +0300] "POST /logstores/logstore_ens_ip/shards/lb HTTP/1.1" 404 324 "-" "log-c-lite_0.1.0"
127.0.0.1 - - [30/Oct/2022:23:35:20 +0300] "POST /logstores/logstore_ens_ip/shards/lb HTTP/1.1" 404 324 "-" "log-c-lite_0.1.0"
127.0.0.1 - - [30/Oct/2022:23:36:20 +0300] "POST /logstores/logstore_ens_ip/shards/lb HTTP/1.1" 404 324 "-" "log-c-lite_0.1.0"
127.0.0.1 - - [30/Oct/2022:23:37:20 +0300] "POST /logstores/logstore_ens_ip/shards/lb HTTP/1.1" 404 324 "-" "log-c-lite_0.1.0"
127.0.0.1 - - [30/Oct/2022:23:38:20 +0300] "POST /logstores/logstore_ens_ip/shards/lb HTTP/1.1" 404 324 "-" "log-c-lite_0.1.0"
127.0.0.1 - - [30/Oct/2022:23:39:20 +0300] "POST /logstores/logstore_ens_ip/shards/lb HTTP/1.1" 404 324 "-" "log-c-lite_0.1.0"
127.0.0.1 - - [30/Oct/2022:23:40:20 +0300] "POST /logstores/logstore_ens_ip/shards/lb HTTP/1.1" 404 324 "-" "log-c-lite_0.1.0"
127.0.0.1 - - [30/Oct/2022:23:41:20 +0300] "POST /logstores/logstore_ens_ip/shards/lb HTTP/1.1" 404 324 "-" "log-c-lite_0.1.0"
127.0.0.1 - - [30/Oct/2022:23:42:20 +0300] "POST /logstores/logstore_ens_ip/shards/lb HTTP/1.1" 404 324 "-" "log-c-lite_0.1.0"
127.0.0.1 - - [30/Oct/2022:23:43:20 +0300] "POST /logstores/logstore_ens_ip/shards/lb HTTP/1.1" 404 324 "-" "log-c-lite_0.1.0"
::1 - - [30/Oct/2022:23:44:16 +0300] "GET / HTTP/1.1" 302 - "-" "Mozilla/5.0 (Windows NT 10.0; Win64; x64) AppleWebKit/537.36 (KHTML, like Gecko) Chrome/106.0.0.0 Safari/537.36"
127.0.0.1 - - [30/Oct/2022:23:44:20 +0300] "POST /logstores/logstore_ens_ip/shards/lb HTTP/1.1" 404 324 "-" "log-c-lite_0.1.0"
::1 - - [30/Oct/2022:23:44:18 +0300] "GET /phpmyadmin/ HTTP/1.1" 200 16927 "http://localhost/dashboard/" "Mozilla/5.0 (Windows NT 10.0; Win64; x64) AppleWebKit/537.36 (KHTML, like Gecko) Chrome/106.0.0.0 Safari/537.36"
::1 - - [30/Oct/2022:23:44:21 +0300] "GET /phpmyadmin/js/messages.php?l=en&v=5.2.0 HTTP/1.1" 200 7861 "-" "Mozilla/5.0 (Windows NT 10.0; Win64; x64) AppleWebKit/537.36 (KHTML, like Gecko) Chrome/106.0.0.0 Safari/537.36"
::1 - - [30/Oct/2022:23:44:22 +0300] "POST /phpmyadmin/index.php?route=/config/get HTTP/1.1" 200 1474 "-" "Mozilla/5.0 (Windows NT 10.0; Win64; x64) AppleWebKit/537.36 (KHTML, like Gecko) Chrome/106.0.0.0 Safari/537.36"
::1 - - [30/Oct/2022:23:44:22 +0300] "POST /phpmyadmin/index.php?route=/navigation&ajax_request=1 HTTP/1.1" 200 2285 "-" "Mozilla/5.0 (Windows NT 10.0; Win64; x64) AppleWebKit/537.36 (KHTML, like Gecko) Chrome/106.0.0.0 Safari/537.36"
::1 - - [30/Oct/2022:23:44:22 +0300] "POST /phpmyadmin/index.php?route=/config/get HTTP/1.1" 200 1566 "-" "Mozilla/5.0 (Windows NT 10.0; Win64; x64) AppleWebKit/537.36 (KHTML, like Gecko) Chrome/106.0.0.0 Safari/537.36"
::1 - - [30/Oct/2022:23:44:22 +0300] "POST /phpmyadmin/index.php?route=/database/structure/favorite-table&ajax_request=1&favorite_table=1&sync_favorite_tables=1 HTTP/1.1" 200 155 "-" "Mozilla/5.0 (Windows NT 10.0; Win64; x64) AppleWebKit/537.36 (KHTML, like Gecko) Chrome/106.0.0.0 Safari/537.36"
::1 - - [30/Oct/2022:23:44:22 +0300] "POST /phpmyadmin/index.php?route=/version-check HTTP/1.1" 200 48 "-" "Mozilla/5.0 (Windows NT 10.0; Win64; x64) AppleWebKit/537.36 (KHTML, like Gecko) Chrome/106.0.0.0 Safari/537.36"
::1 - - [30/Oct/2022:23:44:23 +0300] "POST /phpmyadmin/index.php?route=/config/set HTTP/1.1" 200 1465 "-" "Mozilla/5.0 (Windows NT 10.0; Win64; x64) AppleWebKit/537.36 (KHTML, like Gecko) Chrome/106.0.0.0 Safari/537.36"
::1 - - [30/Oct/2022:23:45:20 +0300] "GET /dashboard/ HTTP/1.1" 304 - "-" "Mozilla/5.0 (Windows NT 10.0; Win64; x64) AppleWebKit/537.36 (KHTML, like Gecko) Chrome/106.0.0.0 Safari/537.36"
127.0.0.1 - - [30/Oct/2022:23:45:20 +0300] "POST /logstores/logstore_ens_ip/shards/lb HTTP/1.1" 404 324 "-" "log-c-lite_0.1.0"
::1 - - [30/Oct/2022:23:45:24 +0300] "GET /dashboard/ HTTP/1.1" 304 - "-" "Mozilla/5.0 (Windows NT 10.0; Win64; x64) AppleWebKit/537.36 (KHTML, like Gecko) Chrome/106.0.0.0 Safari/537.36"
::1 - - [30/Oct/2022:23:45:47 +0300] "GET /dashboard/ HTTP/1.1" 200 6237 "-" "Mozilla/5.0 (Windows NT 10.0; Win64; x64) AppleWebKit/537.36 (KHTML, like Gecko) Chrome/106.0.0.0 Safari/537.36"
::1 - - [30/Oct/2022:23:45:47 +0300] "GET /icons/blank.gif HTTP/1.1" 200 148 "http://localhost/dashboard/" "Mozilla/5.0 (Windows NT 10.0; Win64; x64) AppleWebKit/537.36 (KHTML, like Gecko) Chrome/106.0.0.0 Safari/537.36"
::1 - - [30/Oct/2022:23:45:47 +0300] "GET /icons/back.gif HTTP/1.1" 200 216 "http://localhost/dashboard/" "Mozilla/5.0 (Windows NT 10.0; Win64; x64) AppleWebKit/537.36 (KHTML, like Gecko) Chrome/106.0.0.0 Safari/537.36"
::1 - - [30/Oct/2022:23:45:47 +0300] "GET /icons/folder.gif HTTP/1.1" 200 225 "http://localhost/dashboard/" "Mozilla/5.0 (Windows NT 10.0; Win64; x64) AppleWebKit/537.36 (KHTML, like Gecko) Chrome/106.0.0.0 Safari/537.36"
::1 - - [30/Oct/2022:23:45:47 +0300] "GET /icons/text.gif HTTP/1.1" 200 229 "http://localhost/dashboard/" "Mozilla/5.0 (Windows NT 10.0; Win64; x64) AppleWebKit/537.36 (KHTML, like Gecko) Chrome/106.0.0.0 Safari/537.36"
::1 - - [30/Oct/2022:23:45:47 +0300] "GET /icons/image2.gif HTTP/1.1" 200 309 "http://localhost/dashboard/" "Mozilla/5.0 (Windows NT 10.0; Win64; x64) AppleWebKit/537.36 (KHTML, like Gecko) Chrome/106.0.0.0 Safari/537.36"
::1 - - [30/Oct/2022:23:45:54 +0300] "GET / HTTP/1.1" 200 2485 "http://localhost/dashboard/" "Mozilla/5.0 (Windows NT 10.0; Win64; x64) AppleWebKit/537.36 (KHTML, like Gecko) Chrome/106.0.0.0 Safari/537.36"
::1 - - [30/Oct/2022:23:45:56 +0300] "GET /opencart/ HTTP/1.1" 200 1842 "http://localhost/" "Mozilla/5.0 (Windows NT 10.0; Win64; x64) AppleWebKit/537.36 (KHTML, like Gecko) Chrome/106.0.0.0 Safari/537.36"
::1 - - [30/Oct/2022:23:45:56 +0300] "GET /icons/unknown.gif HTTP/1.1" 200 245 "http://localhost/opencart/" "Mozilla/5.0 (Windows NT 10.0; Win64; x64) AppleWebKit/537.36 (KHTML, like Gecko) Chrome/106.0.0.0 Safari/537.36"
::1 - - [30/Oct/2022:23:45:57 +0300] "GET /opencart/upload/ HTTP/1.1" 200 33148 "http://localhost/opencart/" "Mozilla/5.0 (Windows NT 10.0; Win64; x64) AppleWebKit/537.36 (KHTML, like Gecko) Chrome/106.0.0.0 Safari/537.36"
::1 - - [30/Oct/2022:23:46:03 +0300] "GET /opencart/upload/index.php?route=account/login&language=en-gb HTTP/1.1" 200 23166 "http://localhost/opencart/upload/" "Mozilla/5.0 (Windows NT 10.0; Win64; x64) AppleWebKit/537.36 (KHTML, like Gecko) Chrome/106.0.0.0 Safari/537.36"
::1 - - [30/Oct/2022:23:46:14 +0300] "POST /opencart/upload/index.php?route=account/login|login&language=en-gb&login_token=906f042a4ee6ef2a3c86add10a HTTP/1.1" 200 78 "http://localhost/opencart/upload/index.php?route=account/login&language=en-gb" "Mozilla/5.0 (Windows NT 10.0; Win64; x64) AppleWebKit/537.36 (KHTML, like Gecko) Chrome/106.0.0.0 Safari/537.36"
::1 - - [30/Oct/2022:23:46:17 +0300] "GET /opencart/upload/index.php?route=common/home&language=en-gb HTTP/1.1" 200 33167 "http://localhost/opencart/upload/index.php?route=account/login&language=en-gb" "Mozilla/5.0 (Windows NT 10.0; Win64; x64) AppleWebKit/537.36 (KHTML, like Gecko) Chrome/106.0.0.0 Safari/537.36"
127.0.0.1 - - [30/Oct/2022:23:46:20 +0300] "POST /logstores/logstore_ens_ip/shards/lb HTTP/1.1" 404 324 "-" "log-c-lite_0.1.0"
127.0.0.1 - - [30/Oct/2022:23:47:21 +0300] "POST /logstores/logstore_ens_ip/shards/lb HTTP/1.1" 404 324 "-" "log-c-lite_0.1.0"
127.0.0.1 - - [30/Oct/2022:23:48:21 +0300] "POST /logstores/logstore_ens_ip/shards/lb HTTP/1.1" 404 324 "-" "log-c-lite_0.1.0"
::1 - - [30/Oct/2022:23:48:33 +0300] "GET /opencart/upload/admin HTTP/1.1" 404 296 "-" "Mozilla/5.0 (Windows NT 10.0; Win64; x64) AppleWebKit/537.36 (KHTML, like Gecko) Chrome/106.0.0.0 Safari/537.36"
::1 - - [30/Oct/2022:23:49:16 +0300] "GET / HTTP/1.1" 200 2485 "-" "Mozilla/5.0 (Windows NT 10.0; Win64; x64) AppleWebKit/537.36 (KHTML, like Gecko) Chrome/106.0.0.0 Safari/537.36"
::1 - - [30/Oct/2022:23:49:20 +0300] "GET /opencart/ HTTP/1.1" 200 1842 "http://localhost/" "Mozilla/5.0 (Windows NT 10.0; Win64; x64) AppleWebKit/537.36 (KHTML, like Gecko) Chrome/106.0.0.0 Safari/537.36"
127.0.0.1 - - [30/Oct/2022:23:49:21 +0300] "POST /logstores/logstore_ens_ip/shards/lb HTTP/1.1" 404 324 "-" "log-c-lite_0.1.0"
::1 - - [30/Oct/2022:23:49:27 +0300] "GET /opencart/upload/ HTTP/1.1" 200 33148 "http://localhost/opencart/" "Mozilla/5.0 (Windows NT 10.0; Win64; x64) AppleWebKit/537.36 (KHTML, like Gecko) Chrome/106.0.0.0 Safari/537.36"
127.0.0.1 - - [30/Oct/2022:23:50:21 +0300] "POST /logstores/logstore_ens_ip/shards/lb HTTP/1.1" 404 324 "-" "log-c-lite_0.1.0"
::1 - - [30/Oct/2022:23:50:32 +0300] "GET /opencart/upload/jerry HTTP/1.1" 301 347 "-" "Mozilla/5.0 (Windows NT 10.0; Win64; x64) AppleWebKit/537.36 (KHTML, like Gecko) Chrome/106.0.0.0 Safari/537.36"
::1 - - [30/Oct/2022:23:50:32 +0300] "GET /opencart/upload/jerry/ HTTP/1.1" 200 3723 "-" "Mozilla/5.0 (Windows NT 10.0; Win64; x64) AppleWebKit/537.36 (KHTML, like Gecko) Chrome/106.0.0.0 Safari/537.36"
::1 - - [30/Oct/2022:23:50:33 +0300] "GET /opencart/upload/jerry/view/javascript/jquery/datetimepicker/daterangepicker.css HTTP/1.1" 200 7659 "http://localhost/opencart/upload/jerry/" "Mozilla/5.0 (Windows NT 10.0; Win64; x64) AppleWebKit/537.36 (KHTML, like Gecko) Chrome/106.0.0.0 Safari/537.36"
